[2026-08-21 01:10:29] local.ERROR: The G:\MERN\MediTravel\bootstrap\cache directory must be present and writable. {"exception":"[object] (Exception(code: 0): The G:\\MERN\\MediTravel\\bootstrap\\cache directory must be present and writable. at G:/MERN/MediTravel/vendor/laravel/framework/src/Illuminate/Foundation/PackageManifest.php:179)
[stacktrace]
#0 G:/MERN/MediTravel/vendor/laravel/framework/src/Illuminate/Foundation/PackageManifest.php(132): Illuminate/Foundation/PackageManifest->write(Array)
#1 G:/MERN/MediTravel/vendor/laravel/framework/src/Illuminate/Foundation/PackageManifest.php(108): Illuminate/Foundation/PackageManifest->build()
#2 G:/MERN/MediTravel/vendor/laravel/framework/src/Illuminate/Foundation/PackageManifest.php(91): Illuminate/Foundation/PackageManifest->getManifest()
#3 G:/MERN/MediTravel/vendor/laravel/framework/src/Illuminate/Foundation/PackageManifest.php(80): Illuminate/Foundation/PackageManifest->config('aliases')
#4 G:/MERN/MediTravel/vendor/laravel/framework/src/Illuminate/Foundation/Bootstrap/RegisterFacades.php(26): Illuminate/Foundation/PackageManifest->aliases()
#5 G:/MERN/MediTravel/vendor/laravel/framework/src/Illuminate/Foundation/Application.php(342): Illuminate/Foundation/Bootstrap/RegisterFacades->bootstrap(Object(Illuminate/Foundation/Application))
#6 G:/MERN/MediTravel/vendor/laravel/framework/src/Illuminate/Foundation/Console/Kernel.php(474): Illuminate/Foundation/Application->bootstrapWith(Array)
#7 G:/MERN/MediTravel/vendor/laravel/framework/src/Illuminate/Foundation/Console/Kernel.php(196): Illuminate/Foundation/Console/Kernel->bootstrap()
#8 G:/MERN/MediTravel/vendor/laravel/framework/src/Illuminate/Foundation/Application.php(1235): Illuminate/Foundation/Console/Kernel->handle(Object(Symfony/Component/Console/Input/ArgvInput), Object(Symfony/Component/Console/Output/ConsoleOutput))
#9 G:/MERN/MediTravel/artisan(12): Illuminate/Foundation/Application->handleCommand(Object(Symfony/Component/Console/Input/ArgvInput))
#10 {main}
"} 
[2026-08-21 01:20:11] local.ERROR: SQLSTATE[42S02]: Base table or view not found: 1146 Table 'meditravel.permissions' doesn't exist (Connection: mysql, SQL: select * from `permissions`) {"userId":1,"exception":"[object] (Illuminate\\Database\\QueryException(code: 42S02): SQLSTATE[42S02]: Base table or view not found: 1146 Table 'meditravel.permissions' doesn't exist (Connection: mysql, SQL: select * from `permissions`) at G:/MERN/MediTravel/vendor/laravel/framework/src/Illuminate/Database/Connection.php:825)
[stacktrace]
#0 G:/MERN/MediTravel/vendor/laravel/framework/src/Illuminate/Database/Connection.php(779): Illuminate/Database/Connection->runQueryCallback('select * from `...', Array, Object(Closure))
#1 G:/MERN/MediTravel/vendor/laravel/framework/src/Illuminate/Database/Connection.php(398): Illuminate/Database/Connection->run('select * from `...', Array, Object(Closure))
#2 G:/MERN/MediTravel/vendor/laravel/framework/src/Illuminate/Database/Query/Builder.php(3106): Illuminate/Database/Connection->select('select * from `...', Array, true)
#3 G:/MERN/MediTravel/vendor/laravel/framework/src/Illuminate/Database/Query/Builder.php(3091): Illuminate/Database/Query/Builder->runSelect()
#4 G:/MERN/MediTravel/vendor/laravel/framework/src/Illuminate/Database/Query/Builder.php(3676): Illuminate/Database/Query/Builder->Illuminate/Database/Query/{closure}()
#5 G:/MERN/MediTravel/vendor/laravel/framework/src/Illuminate/Database/Query/Builder.php(3090): Illuminate/Database/Query/Builder->onceWithColumns(Array, Object(Closure))
#6 G:/MERN/MediTravel/vendor/laravel/framework/src/Illuminate/Database/Eloquent/Builder.php(811): Illuminate/Database/Query/Builder->get(Array)
#7 G:/MERN/MediTravel/vendor/laravel/framework/src/Illuminate/Database/Eloquent/Builder.php(793): Illuminate/Database/Eloquent/Builder->getModels(Array)
#8 G:/MERN/MediTravel/vendor/spatie/laravel-permission/src/PermissionRegistrar.php(304): Illuminate/Database/Eloquent/Builder->get()
#9 G:/MERN/MediTravel/vendor/spatie/laravel-permission/src/PermissionRegistrar.php(341): Spatie/Permission/PermissionRegistrar->getPermissionsWithRoles()
#10 G:/MERN/MediTravel/vendor/spatie/laravel-permission/src/PermissionRegistrar.php(222): Spatie/Permission/PermissionRegistrar->getSerializedPermissionsForCache()
#11 G:/MERN/MediTravel/vendor/laravel/framework/src/Illuminate/Cache/Repository.php(427): Spatie/Permission/PermissionRegistrar->Spatie/Permission/{closure}()
#12 G:/MERN/MediTravel/vendor/spatie/laravel-permission/src/PermissionRegistrar.php(221): Illuminate/Cache/Repository->remember('spatie.permissi...', Object(DateInterval), Object(Closure))
#13 G:/MERN/MediTravel/vendor/spatie/laravel-permission/src/PermissionRegistrar.php(243): Spatie/Permission/PermissionRegistrar->loadPermissions()
#14 G:/MERN/MediTravel/vendor/spatie/laravel-permission/src/Models/Permission.php(146): Spatie/Permission/PermissionRegistrar->getPermissions(Array, true)
#15 G:/MERN/MediTravel/vendor/spatie/laravel-permission/src/Models/Permission.php(157): Spatie/Permission/Models/Permission::getPermissions(Array, true)
#16 G:/MERN/MediTravel/vendor/spatie/laravel-permission/src/Models/Permission.php(95): Spatie/Permission/Models/Permission::getPermission(Array)
#17 G:/MERN/MediTravel/vendor/spatie/laravel-permission/src/Traits/HasPermissions.php(188): Spatie/Permission/Models/Permission::findByName('viewAny', 'web')
#18 G:/MERN/MediTravel/vendor/spatie/laravel-permission/src/Traits/HasPermissions.php(215): App/Models/User->filterPermission('viewAny', NULL)
#19 G:/MERN/MediTravel/vendor/spatie/laravel-permission/src/Traits/HasPermissions.php(263): App/Models/User->hasPermissionTo('viewAny', NULL)
#20 G:/MERN/MediTravel/vendor/spatie/laravel-permission/src/PermissionRegistrar.php(130): App/Models/User->checkPermissionTo('viewAny', NULL)
#21 G:/MERN/MediTravel/vendor/laravel/framework/src/Illuminate/Auth/Access/Gate.php(571): Spatie/Permission/PermissionRegistrar->Spatie/Permission/{closure}(Object(App/Models/User), 'viewAny', Array)
#22 G:/MERN/MediTravel/vendor/spatie/invade/src/Invader.php(31): Illuminate/Auth/Access/Gate->callBeforeCallbacks(Object(App/Models/User), 'viewAny', Array)
#23 [internal function]: Illuminate/Auth/Access/Gate->Spatie/Invade/{closure}()
#24 G:/MERN/MediTravel/vendor/spatie/invade/src/Invader.php(31): Closure->call(Object(Illuminate/Auth/Access/Gate))
#25 G:/MERN/MediTravel/vendor/filament/filament/src/helpers.php(31): Spatie/Invade/Invader->__call('callBeforeCallb...', Array)
#26 G:/MERN/MediTravel/vendor/filament/filament/src/Resources/Resource.php(204): Filament/authorize('viewAny', 'App//Models//Doct...', true)
#27 G:/MERN/MediTravel/vendor/filament/filament/src/Resources/Resource.php(250): Filament/Resources/Resource::can('viewAny')
#28 G:/MERN/MediTravel/vendor/filament/filament/src/Resources/Resource.php(138): Filament/Resources/Resource::canViewAny()
#29 G:/MERN/MediTravel/vendor/filament/filament/src/Resources/Resource.php(151): Filament/Resources/Resource::canAccess()
#30 G:/MERN/MediTravel/vendor/filament/filament/src/Navigation/NavigationManager.php(141): Filament/Resources/Resource::registerNavigationItems()
#31 G:/MERN/MediTravel/vendor/filament/filament/src/Navigation/NavigationManager.php(50): Filament/Navigation/NavigationManager->mountNavigation()
#32 G:/MERN/MediTravel/vendor/filament/filament/src/Panel/Concerns/HasRoutes.php(193): Filament/Navigation/NavigationManager->get()
#33 G:/MERN/MediTravel/vendor/filament/filament/src/FilamentManager.php(525): Filament/Panel->getUrl(NULL)
#34 G:/MERN/MediTravel/vendor/laravel/framework/src/Illuminate/Support/Facades/Facade.php(361): Filament/FilamentManager->getUrl()
#35 G:/MERN/MediTravel/vendor/filament/filament/src/Http/Responses/Auth/LoginResponse.php(14): Illuminate/Support/Facades/Facade::__callStatic('getUrl', Array)
#36 G:/MERN/MediTravel/vendor/livewire/livewire/src/Features/SupportFileDownloads/SupportFileDownloads.php(16): Filament/Http/Responses/Auth/LoginResponse->toResponse(Object(Illuminate/Http/Request))
#37 G:/MERN/MediTravel/vendor/livewire/livewire/src/ComponentHook.php(45): Livewire/Features/SupportFileDownloads/SupportFileDownloads->Livewire/Features/SupportFileDownloads/{closure}(Object(Filament/Http/Responses/Auth/LoginResponse))
#38 G:/MERN/MediTravel/vendor/livewire/livewire/src/ComponentHookRegistry.php(115): Livewire/ComponentHook->Livewire/{closure}(Object(Filament/Http/Responses/Auth/LoginResponse))
#39 G:/MERN/MediTravel/vendor/livewire/livewire/src/EventBus.php(73): Livewire/ComponentHookRegistry::Livewire/{closure}(Object(Filament/Http/Responses/Auth/LoginResponse))
#40 G:/MERN/MediTravel/vendor/livewire/livewire/src/Mechanisms/HandleComponents/HandleComponents.php(524): Livewire/EventBus->Livewire/{closure}(Object(Filament/Http/Responses/Auth/LoginResponse))
#41 G:/MERN/MediTravel/vendor/livewire/livewire/src/Mechanisms/HandleComponents/HandleComponents.php(124): Livewire/Mechanisms/HandleComponents/HandleComponents->callMethods(Object(Filament/Pages/Auth/Login), Array, Object(Livewire/Mechanisms/HandleComponents/ComponentContext))
#42 G:/MERN/MediTravel/vendor/livewire/livewire/src/LivewireManager.php(102): Livewire/Mechanisms/HandleComponents/HandleComponents->update(Array, Array, Array)
#43 G:/MERN/MediTravel/vendor/livewire/livewire/src/Mechanisms/HandleRequests/HandleRequests.php(144): Livewire/LivewireManager->update(Array, Array, Array)
#44 G:/MERN/MediTravel/vendor/laravel/framework/src/Illuminate/Routing/ControllerDispatcher.php(47): Livewire/Mechanisms/HandleRequests/HandleRequests->handleUpdate()
#45 G:/MERN/MediTravel/vendor/laravel/framework/src/Illuminate/Routing/Route.php(266): Illuminate/Routing/ControllerDispatcher->dispatch(Object(Illuminate/Routing/Route), Object(Livewire/Mechanisms/HandleRequests/HandleRequests), 'handleUpdate')
#46 G:/MERN/MediTravel/vendor/laravel/framework/src/Illuminate/Routing/Route.php(212): Illuminate/Routing/Route->runController()
#47 G:/MERN/MediTravel/vendor/laravel/framework/src/Illuminate/Routing/Router.php(808): Illuminate/Routing/Route->run()
#48 G:/MERN/MediTravel/vendor/laravel/framework/src/Illuminate/Pipeline/Pipeline.php(170): Illuminate/Routing/Router->Illuminate/Routing/{closure}(Object(Illuminate/Http/Request))
#49 G:/MERN/MediTravel/vendor/laravel/framework/src/Illuminate/Routing/Middleware/SubstituteBindings.php(51): Illuminate/Pipeline/Pipeline->Illuminate/Pipeline/{closure}(Object(Illuminate/Http/Request))
#50 G:/MERN/MediTravel/vendor/laravel/framework/src/Illuminate/Pipeline/Pipeline.php(209): Illuminate/Routing/Middleware/SubstituteBindings->handle(Object(Illuminate/Http/Request), Object(Closure))
#51 G:/MERN/MediTravel/vendor/laravel/framework/src/Illuminate/Foundation/Http/Middleware/VerifyCsrfToken.php(88): Illuminate/Pipeline/Pipeline->Illuminate/Pipeline/{closure}(Object(Illuminate/Http/Request))
#52 G:/MERN/MediTravel/vendor/laravel/framework/src/Illuminate/Pipeline/Pipeline.php(209): Illuminate/Foundation/Http/Middleware/VerifyCsrfToken->handle(Object(Illuminate/Http/Request), Object(Closure))
#53 G:/MERN/MediTravel/vendor/laravel/framework/src/Illuminate/View/Middleware/ShareErrorsFromSession.php(49): Illuminate/Pipeline/Pipeline->Illuminate/Pipeline/{closure}(Object(Illuminate/Http/Request))
#54 G:/MERN/MediTravel/vendor/laravel/framework/src/Illuminate/Pipeline/Pipeline.php(209): Illuminate/View/Middleware/ShareErrorsFromSession->handle(Object(Illuminate/Http/Request), Object(Closure))
#55 G:/MERN/MediTravel/vendor/laravel/framework/src/Illuminate/Session/Middleware/StartSession.php(121): Illuminate/Pipeline/Pipeline->Illuminate/Pipeline/{closure}(Object(Illuminate/Http/Request))
#56 G:/MERN/MediTravel/vendor/laravel/framework/src/Illuminate/Session/Middleware/StartSession.php(64): Illuminate/Session/Middleware/StartSession->handleStatefulRequest(Object(Illuminate/Http/Request), Object(Illuminate/Session/Store), Object(Closure))
#57 G:/MERN/MediTravel/vendor/laravel/framework/src/Illuminate/Pipeline/Pipeline.php(209): Illuminate/Session/Middleware/StartSession->handle(Object(Illuminate/Http/Request), Object(Closure))
#58 G:/MERN/MediTravel/vendor/laravel/framework/src/Illuminate/Cookie/Middleware/AddQueuedCookiesToResponse.php(37): Illuminate/Pipeline/Pipeline->Illuminate/Pipeline/{closure}(Object(Illuminate/Http/Request))
#59 G:/MERN/MediTravel/vendor/laravel/framework/src/Illuminate/Pipeline/Pipeline.php(209): Illuminate/Cookie/Middleware/AddQueuedCookiesToResponse->handle(Object(Illuminate/Http/Request), Object(Closure))
#60 G:/MERN/MediTravel/vendor/laravel/framework/src/Illuminate/Cookie/Middleware/EncryptCookies.php(75): Illuminate/Pipeline/Pipeline->Illuminate/Pipeline/{closure}(Object(Illuminate/Http/Request))
#61 G:/MERN/MediTravel/vendor/laravel/framework/src/Illuminate/Pipeline/Pipeline.php(209): Illuminate/Cookie/Middleware/EncryptCookies->handle(Object(Illuminate/Http/Request), Object(Closure))
#62 G:/MERN/MediTravel/vendor/laravel/framework/src/Illuminate/Pipeline/Pipeline.php(127): Illuminate/Pipeline/Pipeline->Illuminate/Pipeline/{closure}(Object(Illuminate/Http/Request))
#63 G:/MERN/MediTravel/vendor/laravel/framework/src/Illuminate/Routing/Router.php(807): Illuminate/Pipeline/Pipeline->then(Object(Closure))
#64 G:/MERN/MediTravel/vendor/laravel/framework/src/Illuminate/Routing/Router.php(786): Illuminate/Routing/Router->runRouteWithinStack(Object(Illuminate/Routing/Route), Object(Illuminate/Http/Request))
#65 G:/MERN/MediTravel/vendor/laravel/framework/src/Illuminate/Routing/Router.php(750): Illuminate/Routing/Router->runRoute(Object(Illuminate/Http/Request), Object(Illuminate/Routing/Route))
#66 G:/MERN/MediTravel/vendor/laravel/framework/src/Illuminate/Routing/Router.php(739): Illuminate/Routing/Router->dispatchToRoute(Object(Illuminate/Http/Request))
#67 G:/MERN/MediTravel/vendor/laravel/framework/src/Illuminate/Foundation/Http/Kernel.php(201): Illuminate/Routing/Router->dispatch(Object(Illuminate/Http/Request))
#68 G:/MERN/MediTravel/vendor/laravel/framework/src/Illuminate/Pipeline/Pipeline.php(170): Illuminate/Foundation/Http/Kernel->Illuminate/Foundation/Http/{closure}(Object(Illuminate/Http/Request))
#69 G:/MERN/MediTravel/vendor/livewire/livewire/src/Features/SupportDisablingBackButtonCache/DisableBackButtonCacheMiddleware.php(19): Illuminate/Pipeline/Pipeline->Illuminate/Pipeline/{closure}(Object(Illuminate/Http/Request))
#70 G:/MERN/MediTravel/vendor/laravel/framework/src/Illuminate/Pipeline/Pipeline.php(209): Livewire/Features/SupportDisablingBackButtonCache/DisableBackButtonCacheMiddleware->handle(Object(Illuminate/Http/Request), Object(Closure))
#71 G:/MERN/MediTravel/vendor/laravel/framework/src/Illuminate/Foundation/Http/Middleware/ConvertEmptyStringsToNull.php(27): Illuminate/Pipeline/Pipeline->Illuminate/Pipeline/{closure}(Object(Illuminate/Http/Request))
#72 G:/MERN/MediTravel/vendor/laravel/framework/src/Illuminate/Pipeline/Pipeline.php(209): Illuminate/Foundation/Http/Middleware/ConvertEmptyStringsToNull->handle(Object(Illuminate/Http/Request), Object(Closure))
#73 G:/MERN/MediTravel/vendor/laravel/framework/src/Illuminate/Foundation/Http/Middleware/TrimStrings.php(47): Illuminate/Pipeline/Pipeline->Illuminate/Pipeline/{closure}(Object(Illuminate/Http/Request))
#74 G:/MERN/MediTravel/vendor/laravel/framework/src/Illuminate/Pipeline/Pipeline.php(209): Illuminate/Foundation/Http/Middleware/TrimStrings->handle(Object(Illuminate/Http/Request), Object(Closure))
#75 G:/MERN/MediTravel/vendor/laravel/framework/src/Illuminate/Http/Middleware/ValidatePostSize.php(27): Illuminate/Pipeline/Pipeline->Illuminate/Pipeline/{closure}(Object(Illuminate/Http/Request))
#76 G:/MERN/MediTravel/vendor/laravel/framework/src/Illuminate/Pipeline/Pipeline.php(209): Illuminate/Http/Middleware/ValidatePostSize->handle(Object(Illuminate/Http/Request), Object(Closure))
#77 G:/MERN/MediTravel/vendor/laravel/framework/src/Illuminate/Foundation/Http/Middleware/PreventRequestsDuringMaintenance.php(110): Illuminate/Pipeline/Pipeline->Illuminate/Pipeline/{closure}(Object(Illuminate/Http/Request))
#78 G:/MERN/MediTravel/vendor/laravel/framework/src/Illuminate/Pipeline/Pipeline.php(209): Illuminate/Foundation/Http/Middleware/PreventRequestsDuringMaintenance->handle(Object(Illuminate/Http/Request), Object(Closure))
#79 G:/MERN/MediTravel/vendor/laravel/framework/src/Illuminate/Http/Middleware/HandleCors.php(49): Illuminate/Pipeline/Pipeline->Illuminate/Pipeline/{closure}(Object(Illuminate/Http/Request))
#80 G:/MERN/MediTravel/vendor/laravel/framework/src/Illuminate/Pipeline/Pipeline.php(209): Illuminate/Http/Middleware/HandleCors->handle(Object(Illuminate/Http/Request), Object(Closure))
#81 G:/MERN/MediTravel/vendor/laravel/framework/src/Illuminate/Http/Middleware/TrustProxies.php(58): Illuminate/Pipeline/Pipeline->Illuminate/Pipeline/{closure}(Object(Illuminate/Http/Request))
#82 G:/MERN/MediTravel/vendor/laravel/framework/src/Illuminate/Pipeline/Pipeline.php(209): Illuminate/Http/Middleware/TrustProxies->handle(Object(Illuminate/Http/Request), Object(Closure))
#83 G:/MERN/MediTravel/vendor/laravel/framework/src/Illuminate/Foundation/Http/Middleware/InvokeDeferredCallbacks.php(22): Illuminate/Pipeline/Pipeline->Illuminate/Pipeline/{closure}(Object(Illuminate/Http/Request))
#84 G:/MERN/MediTravel/vendor/laravel/framework/src/Illuminate/Pipeline/Pipeline.php(209): Illuminate/Foundation/Http/Middleware/InvokeDeferredCallbacks->handle(Object(Illuminate/Http/Request), Object(Closure))
#85 G:/MERN/MediTravel/vendor/laravel/framework/src/Illuminate/Pipeline/Pipeline.php(127): Illuminate/Pipeline/Pipeline->Illuminate/Pipeline/{closure}(Object(Illuminate/Http/Request))
#86 G:/MERN/MediTravel/vendor/laravel/framework/src/Illuminate/Foundation/Http/Kernel.php(176): Illuminate/Pipeline/Pipeline->then(Object(Closure))
#87 G:/MERN/MediTravel/vendor/laravel/framework/src/Illuminate/Foundation/Http/Kernel.php(145): Illuminate/Foundation/Http/Kernel->sendRequestThroughRouter(Object(Illuminate/Http/Request))
#88 G:/MERN/MediTravel/vendor/laravel/framework/src/Illuminate/Foundation/Application.php(1220): Illuminate/Foundation/Http/Kernel->handle(Object(Illuminate/Http/Request))
#89 G:/MERN/MediTravel/public/index.php(14): Illuminate/Foundation/Application->handleRequest(Object(Illuminate/Http/Request))
#90 G:/MERN/MediTravel/vendor/laravel/framework/src/Illuminate/Foundation/resources/server.php(23): require_once('G://MERN//MediTra...')
#91 {main}

[previous exception] [object] (PDOException(code: 42S02): SQLSTATE[42S02]: Base table or view not found: 1146 Table 'meditravel.permissions' doesn't exist at G:/MERN/MediTravel/vendor/laravel/framework/src/Illuminate/Database/Connection.php:407)
[stacktrace]
#0 G:/MERN/MediTravel/vendor/laravel/framework/src/Illuminate/Database/Connection.php(407): PDO->prepare('select * from `...')
#1 G:/MERN/MediTravel/vendor/laravel/framework/src/Illuminate/Database/Connection.php(812): Illuminate/Database/Connection->Illuminate/Database/{closure}('select * from `...', Array)
#2 G:/MERN/MediTravel/vendor/laravel/framework/src/Illuminate/Database/Connection.php(779): Illuminate/Database/Connection->runQueryCallback('select * from `...', Array, Object(Closure))
#3 G:/MERN/MediTravel/vendor/laravel/framework/src/Illuminate/Database/Connection.php(398): Illuminate/Database/Connection->run('select * from `...', Array, Object(Closure))
#4 G:/MERN/MediTravel/vendor/laravel/framework/src/Illuminate/Database/Query/Builder.php(3106): Illuminate/Database/Connection->select('select * from `...', Array, true)
#5 G:/MERN/MediTravel/vendor/laravel/framework/src/Illuminate/Database/Query/Builder.php(3091): Illuminate/Database/Query/Builder->runSelect()
#6 G:/MERN/MediTravel/vendor/laravel/framework/src/Illuminate/Database/Query/Builder.php(3676): Illuminate/Database/Query/Builder->Illuminate/Database/Query/{closure}()
#7 G:/MERN/MediTravel/vendor/laravel/framework/src/Illuminate/Database/Query/Builder.php(3090): Illuminate/Database/Query/Builder->onceWithColumns(Array, Object(Closure))
#8 G:/MERN/MediTravel/vendor/laravel/framework/src/Illuminate/Database/Eloquent/Builder.php(811): Illuminate/Database/Query/Builder->get(Array)
#9 G:/MERN/MediTravel/vendor/laravel/framework/src/Illuminate/Database/Eloquent/Builder.php(793): Illuminate/Database/Eloquent/Builder->getModels(Array)
#10 G:/MERN/MediTravel/vendor/spatie/laravel-permission/src/PermissionRegistrar.php(304): Illuminate/Database/Eloquent/Builder->get()
#11 G:/MERN/MediTravel/vendor/spatie/laravel-permission/src/PermissionRegistrar.php(341): Spatie/Permission/PermissionRegistrar->getPermissionsWithRoles()
#12 G:/MERN/MediTravel/vendor/spatie/laravel-permission/src/PermissionRegistrar.php(222): Spatie/Permission/PermissionRegistrar->getSerializedPermissionsForCache()
#13 G:/MERN/MediTravel/vendor/laravel/framework/src/Illuminate/Cache/Repository.php(427): Spatie/Permission/PermissionRegistrar->Spatie/Permission/{closure}()
#14 G:/MERN/MediTravel/vendor/spatie/laravel-permission/src/PermissionRegistrar.php(221): Illuminate/Cache/Repository->remember('spatie.permissi...', Object(DateInterval), Object(Closure))
#15 G:/MERN/MediTravel/vendor/spatie/laravel-permission/src/PermissionRegistrar.php(243): Spatie/Permission/PermissionRegistrar->loadPermissions()
#16 G:/MERN/MediTravel/vendor/spatie/laravel-permission/src/Models/Permission.php(146): Spatie/Permission/PermissionRegistrar->getPermissions(Array, true)
#17 G:/MERN/MediTravel/vendor/spatie/laravel-permission/src/Models/Permission.php(157): Spatie/Permission/Models/Permission::getPermissions(Array, true)
#18 G:/MERN/MediTravel/vendor/spatie/laravel-permission/src/Models/Permission.php(95): Spatie/Permission/Models/Permission::getPermission(Array)
#19 G:/MERN/MediTravel/vendor/spatie/laravel-permission/src/Traits/HasPermissions.php(188): Spatie/Permission/Models/Permission::findByName('viewAny', 'web')
#20 G:/MERN/MediTravel/vendor/spatie/laravel-permission/src/Traits/HasPermissions.php(215): App/Models/User->filterPermission('viewAny', NULL)
#21 G:/MERN/MediTravel/vendor/spatie/laravel-permission/src/Traits/HasPermissions.php(263): App/Models/User->hasPermissionTo('viewAny', NULL)
#22 G:/MERN/MediTravel/vendor/spatie/laravel-permission/src/PermissionRegistrar.php(130): App/Models/User->checkPermissionTo('viewAny', NULL)
#23 G:/MERN/MediTravel/vendor/laravel/framework/src/Illuminate/Auth/Access/Gate.php(571): Spatie/Permission/PermissionRegistrar->Spatie/Permission/{closure}(Object(App/Models/User), 'viewAny', Array)
#24 G:/MERN/MediTravel/vendor/spatie/invade/src/Invader.php(31): Illuminate/Auth/Access/Gate->callBeforeCallbacks(Object(App/Models/User), 'viewAny', Array)
#25 [internal function]: Illuminate/Auth/Access/Gate->Spatie/Invade/{closure}()
#26 G:/MERN/MediTravel/vendor/spatie/invade/src/Invader.php(31): Closure->call(Object(Illuminate/Auth/Access/Gate))
#27 G:/MERN/MediTravel/vendor/filament/filament/src/helpers.php(31): Spatie/Invade/Invader->__call('callBeforeCallb...', Array)
#28 G:/MERN/MediTravel/vendor/filament/filament/src/Resources/Resource.php(204): Filament/authorize('viewAny', 'App//Models//Doct...', true)
#29 G:/MERN/MediTravel/vendor/filament/filament/src/Resources/Resource.php(250): Filament/Resources/Resource::can('viewAny')
#30 G:/MERN/MediTravel/vendor/filament/filament/src/Resources/Resource.php(138): Filament/Resources/Resource::canViewAny()
#31 G:/MERN/MediTravel/vendor/filament/filament/src/Resources/Resource.php(151): Filament/Resources/Resource::canAccess()
#32 G:/MERN/MediTravel/vendor/filament/filament/src/Navigation/NavigationManager.php(141): Filament/Resources/Resource::registerNavigationItems()
#33 G:/MERN/MediTravel/vendor/filament/filament/src/Navigation/NavigationManager.php(50): Filament/Navigation/NavigationManager->mountNavigation()
#34 G:/MERN/MediTravel/vendor/filament/filament/src/Panel/Concerns/HasRoutes.php(193): Filament/Navigation/NavigationManager->get()
#35 G:/MERN/MediTravel/vendor/filament/filament/src/FilamentManager.php(525): Filament/Panel->getUrl(NULL)
#36 G:/MERN/MediTravel/vendor/laravel/framework/src/Illuminate/Support/Facades/Facade.php(361): Filament/FilamentManager->getUrl()
#37 G:/MERN/MediTravel/vendor/filament/filament/src/Http/Responses/Auth/LoginResponse.php(14): Illuminate/Support/Facades/Facade::__callStatic('getUrl', Array)
#38 G:/MERN/MediTravel/vendor/livewire/livewire/src/Features/SupportFileDownloads/SupportFileDownloads.php(16): Filament/Http/Responses/Auth/LoginResponse->toResponse(Object(Illuminate/Http/Request))
#39 G:/MERN/MediTravel/vendor/livewire/livewire/src/ComponentHook.php(45): Livewire/Features/SupportFileDownloads/SupportFileDownloads->Livewire/Features/SupportFileDownloads/{closure}(Object(Filament/Http/Responses/Auth/LoginResponse))
#40 G:/MERN/MediTravel/vendor/livewire/livewire/src/ComponentHookRegistry.php(115): Livewire/ComponentHook->Livewire/{closure}(Object(Filament/Http/Responses/Auth/LoginResponse))
#41 G:/MERN/MediTravel/vendor/livewire/livewire/src/EventBus.php(73): Livewire/ComponentHookRegistry::Livewire/{closure}(Object(Filament/Http/Responses/Auth/LoginResponse))
#42 G:/MERN/MediTravel/vendor/livewire/livewire/src/Mechanisms/HandleComponents/HandleComponents.php(524): Livewire/EventBus->Livewire/{closure}(Object(Filament/Http/Responses/Auth/LoginResponse))
#43 G:/MERN/MediTravel/vendor/livewire/livewire/src/Mechanisms/HandleComponents/HandleComponents.php(124): Livewire/Mechanisms/HandleComponents/HandleComponents->callMethods(Object(Filament/Pages/Auth/Login), Array, Object(Livewire/Mechanisms/HandleComponents/ComponentContext))
#44 G:/MERN/MediTravel/vendor/livewire/livewire/src/LivewireManager.php(102): Livewire/Mechanisms/HandleComponents/HandleComponents->update(Array, Array, Array)
#45 G:/MERN/MediTravel/vendor/livewire/livewire/src/Mechanisms/HandleRequests/HandleRequests.php(144): Livewire/LivewireManager->update(Array, Array, Array)
#46 G:/MERN/MediTravel/vendor/laravel/framework/src/Illuminate/Routing/ControllerDispatcher.php(47): Livewire/Mechanisms/HandleRequests/HandleRequests->handleUpdate()
#47 G:/MERN/MediTravel/vendor/laravel/framework/src/Illuminate/Routing/Route.php(266): Illuminate/Routing/ControllerDispatcher->dispatch(Object(Illuminate/Routing/Route), Object(Livewire/Mechanisms/HandleRequests/HandleRequests), 'handleUpdate')
#48 G:/MERN/MediTravel/vendor/laravel/framework/src/Illuminate/Routing/Route.php(212): Illuminate/Routing/Route->runController()
#49 G:/MERN/MediTravel/vendor/laravel/framework/src/Illuminate/Routing/Router.php(808): Illuminate/Routing/Route->run()
#50 G:/MERN/MediTravel/vendor/laravel/framework/src/Illuminate/Pipeline/Pipeline.php(170): Illuminate/Routing/Router->Illuminate/Routing/{closure}(Object(Illuminate/Http/Request))
#51 G:/MERN/MediTravel/vendor/laravel/framework/src/Illuminate/Routing/Middleware/SubstituteBindings.php(51): Illuminate/Pipeline/Pipeline->Illuminate/Pipeline/{closure}(Object(Illuminate/Http/Request))
#52 G:/MERN/MediTravel/vendor/laravel/framework/src/Illuminate/Pipeline/Pipeline.php(209): Illuminate/Routing/Middleware/SubstituteBindings->handle(Object(Illuminate/Http/Request), Object(Closure))
#53 G:/MERN/MediTravel/vendor/laravel/framework/src/Illuminate/Foundation/Http/Middleware/VerifyCsrfToken.php(88): Illuminate/Pipeline/Pipeline->Illuminate/Pipeline/{closure}(Object(Illuminate/Http/Request))
#54 G:/MERN/MediTravel/vendor/laravel/framework/src/Illuminate/Pipeline/Pipeline.php(209): Illuminate/Foundation/Http/Middleware/VerifyCsrfToken->handle(Object(Illuminate/Http/Request), Object(Closure))
#55 G:/MERN/MediTravel/vendor/laravel/framework/src/Illuminate/View/Middleware/ShareErrorsFromSession.php(49): Illuminate/Pipeline/Pipeline->Illuminate/Pipeline/{closure}(Object(Illuminate/Http/Request))
#56 G:/MERN/MediTravel/vendor/laravel/framework/src/Illuminate/Pipeline/Pipeline.php(209): Illuminate/View/Middleware/ShareErrorsFromSession->handle(Object(Illuminate/Http/Request), Object(Closure))
#57 G:/MERN/MediTravel/vendor/laravel/framework/src/Illuminate/Session/Middleware/StartSession.php(121): Illuminate/Pipeline/Pipeline->Illuminate/Pipeline/{closure}(Object(Illuminate/Http/Request))
#58 G:/MERN/MediTravel/vendor/laravel/framework/src/Illuminate/Session/Middleware/StartSession.php(64): Illuminate/Session/Middleware/StartSession->handleStatefulRequest(Object(Illuminate/Http/Request), Object(Illuminate/Session/Store), Object(Closure))
#59 G:/MERN/MediTravel/vendor/laravel/framework/src/Illuminate/Pipeline/Pipeline.php(209): Illuminate/Session/Middleware/StartSession->handle(Object(Illuminate/Http/Request), Object(Closure))
#60 G:/MERN/MediTravel/vendor/laravel/framework/src/Illuminate/Cookie/Middleware/AddQueuedCookiesToResponse.php(37): Illuminate/Pipeline/Pipeline->Illuminate/Pipeline/{closure}(Object(Illuminate/Http/Request))
#61 G:/MERN/MediTravel/vendor/laravel/framework/src/Illuminate/Pipeline/Pipeline.php(209): Illuminate/Cookie/Middleware/AddQueuedCookiesToResponse->handle(Object(Illuminate/Http/Request), Object(Closure))
#62 G:/MERN/MediTravel/vendor/laravel/framework/src/Illuminate/Cookie/Middleware/EncryptCookies.php(75): Illuminate/Pipeline/Pipeline->Illuminate/Pipeline/{closure}(Object(Illuminate/Http/Request))
#63 G:/MERN/MediTravel/vendor/laravel/framework/src/Illuminate/Pipeline/Pipeline.php(209): Illuminate/Cookie/Middleware/EncryptCookies->handle(Object(Illuminate/Http/Request), Object(Closure))
#64 G:/MERN/MediTravel/vendor/laravel/framework/src/Illuminate/Pipeline/Pipeline.php(127): Illuminate/Pipeline/Pipeline->Illuminate/Pipeline/{closure}(Object(Illuminate/Http/Request))
#65 G:/MERN/MediTravel/vendor/laravel/framework/src/Illuminate/Routing/Router.php(807): Illuminate/Pipeline/Pipeline->then(Object(Closure))
#66 G:/MERN/MediTravel/vendor/laravel/framework/src/Illuminate/Routing/Router.php(786): Illuminate/Routing/Router->runRouteWithinStack(Object(Illuminate/Routing/Route), Object(Illuminate/Http/Request))
#67 G:/MERN/MediTravel/vendor/laravel/framework/src/Illuminate/Routing/Router.php(750): Illuminate/Routing/Router->runRoute(Object(Illuminate/Http/Request), Object(Illuminate/Routing/Route))
#68 G:/MERN/MediTravel/vendor/laravel/framework/src/Illuminate/Routing/Router.php(739): Illuminate/Routing/Router->dispatchToRoute(Object(Illuminate/Http/Request))
#69 G:/MERN/MediTravel/vendor/laravel/framework/src/Illuminate/Foundation/Http/Kernel.php(201): Illuminate/Routing/Router->dispatch(Object(Illuminate/Http/Request))
#70 G:/MERN/MediTravel/vendor/laravel/framework/src/Illuminate/Pipeline/Pipeline.php(170): Illuminate/Foundation/Http/Kernel->Illuminate/Foundation/Http/{closure}(Object(Illuminate/Http/Request))
#71 G:/MERN/MediTravel/vendor/livewire/livewire/src/Features/SupportDisablingBackButtonCache/DisableBackButtonCacheMiddleware.php(19): Illuminate/Pipeline/Pipeline->Illuminate/Pipeline/{closure}(Object(Illuminate/Http/Request))
#72 G:/MERN/MediTravel/vendor/laravel/framework/src/Illuminate/Pipeline/Pipeline.php(209): Livewire/Features/SupportDisablingBackButtonCache/DisableBackButtonCacheMiddleware->handle(Object(Illuminate/Http/Request), Object(Closure))
#73 G:/MERN/MediTravel/vendor/laravel/framework/src/Illuminate/Foundation/Http/Middleware/ConvertEmptyStringsToNull.php(27): Illuminate/Pipeline/Pipeline->Illuminate/Pipeline/{closure}(Object(Illuminate/Http/Request))
#74 G:/MERN/MediTravel/vendor/laravel/framework/src/Illuminate/Pipeline/Pipeline.php(209): Illuminate/Foundation/Http/Middleware/ConvertEmptyStringsToNull->handle(Object(Illuminate/Http/Request), Object(Closure))
#75 G:/MERN/MediTravel/vendor/laravel/framework/src/Illuminate/Foundation/Http/Middleware/TrimStrings.php(47): Illuminate/Pipeline/Pipeline->Illuminate/Pipeline/{closure}(Object(Illuminate/Http/Request))
#76 G:/MERN/MediTravel/vendor/laravel/framework/src/Illuminate/Pipeline/Pipeline.php(209): Illuminate/Foundation/Http/Middleware/TrimStrings->handle(Object(Illuminate/Http/Request), Object(Closure))
#77 G:/MERN/MediTravel/vendor/laravel/framework/src/Illuminate/Http/Middleware/ValidatePostSize.php(27): Illuminate/Pipeline/Pipeline->Illuminate/Pipeline/{closure}(Object(Illuminate/Http/Request))
#78 G:/MERN/MediTravel/vendor/laravel/framework/src/Illuminate/Pipeline/Pipeline.php(209): Illuminate/Http/Middleware/ValidatePostSize->handle(Object(Illuminate/Http/Request), Object(Closure))
#79 G:/MERN/MediTravel/vendor/laravel/framework/src/Illuminate/Foundation/Http/Middleware/PreventRequestsDuringMaintenance.php(110): Illuminate/Pipeline/Pipeline->Illuminate/Pipeline/{closure}(Object(Illuminate/Http/Request))
#80 G:/MERN/MediTravel/vendor/laravel/framework/src/Illuminate/Pipeline/Pipeline.php(209): Illuminate/Foundation/Http/Middleware/PreventRequestsDuringMaintenance->handle(Object(Illuminate/Http/Request), Object(Closure))
#81 G:/MERN/MediTravel/vendor/laravel/framework/src/Illuminate/Http/Middleware/HandleCors.php(49): Illuminate/Pipeline/Pipeline->Illuminate/Pipeline/{closure}(Object(Illuminate/Http/Request))
#82 G:/MERN/MediTravel/vendor/laravel/framework/src/Illuminate/Pipeline/Pipeline.php(209): Illuminate/Http/Middleware/HandleCors->handle(Object(Illuminate/Http/Request), Object(Closure))
#83 G:/MERN/MediTravel/vendor/laravel/framework/src/Illuminate/Http/Middleware/TrustProxies.php(58): Illuminate/Pipeline/Pipeline->Illuminate/Pipeline/{closure}(Object(Illuminate/Http/Request))
#84 G:/MERN/MediTravel/vendor/laravel/framework/src/Illuminate/Pipeline/Pipeline.php(209): Illuminate/Http/Middleware/TrustProxies->handle(Object(Illuminate/Http/Request), Object(Closure))
#85 G:/MERN/MediTravel/vendor/laravel/framework/src/Illuminate/Foundation/Http/Middleware/InvokeDeferredCallbacks.php(22): Illuminate/Pipeline/Pipeline->Illuminate/Pipeline/{closure}(Object(Illuminate/Http/Request))
#86 G:/MERN/MediTravel/vendor/laravel/framework/src/Illuminate/Pipeline/Pipeline.php(209): Illuminate/Foundation/Http/Middleware/InvokeDeferredCallbacks->handle(Object(Illuminate/Http/Request), Object(Closure))
#87 G:/MERN/MediTravel/vendor/laravel/framework/src/Illuminate/Pipeline/Pipeline.php(127): Illuminate/Pipeline/Pipeline->Illuminate/Pipeline/{closure}(Object(Illuminate/Http/Request))
#88 G:/MERN/MediTravel/vendor/laravel/framework/src/Illuminate/Foundation/Http/Kernel.php(176): Illuminate/Pipeline/Pipeline->then(Object(Closure))
#89 G:/MERN/MediTravel/vendor/laravel/framework/src/Illuminate/Foundation/Http/Kernel.php(145): Illuminate/Foundation/Http/Kernel->sendRequestThroughRouter(Object(Illuminate/Http/Request))
#90 G:/MERN/MediTravel/vendor/laravel/framework/src/Illuminate/Foundation/Application.php(1220): Illuminate/Foundation/Http/Kernel->handle(Object(Illuminate/Http/Request))
#91 G:/MERN/MediTravel/public/index.php(14): Illuminate/Foundation/Application->handleRequest(Object(Illuminate/Http/Request))
#92 G:/MERN/MediTravel/vendor/laravel/framework/src/Illuminate/Foundation/resources/server.php(23): require_once('G://MERN//MediTra...')
#93 {main}
"} 
[2026-08-21 01:47:42] local.ERROR: The "--compact" option does not exist. {"exception":"[object] (Symfony\\Component\\Console\\Exception\\RuntimeException(code: 0): The \"--compact\" option does not exist. at G:/MERN/MediTravel/vendor/symfony/console/Input/ArgvInput.php:226)
[stacktrace]
#0 G:/MERN/MediTravel/vendor/symfony/console/Input/ArgvInput.php(155): Symfony/Component/Console/Input/ArgvInput->addLongOption('compact', NULL)
#1 G:/MERN/MediTravel/vendor/symfony/console/Input/ArgvInput.php(88): Symfony/Component/Console/Input/ArgvInput->parseLongOption('--compact')
#2 G:/MERN/MediTravel/vendor/symfony/console/Input/ArgvInput.php(77): Symfony/Component/Console/Input/ArgvInput->parseToken('--compact', true)
#3 G:/MERN/MediTravel/vendor/symfony/console/Input/Input.php(53): Symfony/Component/Console/Input/ArgvInput->parse()
#4 G:/MERN/MediTravel/vendor/symfony/console/Command/Command.php(295): Symfony/Component/Console/Input/Input->bind(Object(Symfony/Component/Console/Input/InputDefinition))
#5 G:/MERN/MediTravel/vendor/laravel/framework/src/Illuminate/Console/Command.php(182): Symfony/Component/Console/Command/Command->run(Object(Symfony/Component/Console/Input/ArgvInput), Object(Illuminate/Console/OutputStyle))
#6 G:/MERN/MediTravel/vendor/symfony/console/Application.php(1117): Illuminate/Console/Command->run(Object(Symfony/Component/Console/Input/ArgvInput), Object(Symfony/Component/Console/Output/ConsoleOutput))
#7 G:/MERN/MediTravel/vendor/symfony/console/Application.php(356): Symfony/Component/Console/Application->doRunCommand(Object(Illuminate/Foundation/Console/RouteListCommand), Object(Symfony/Component/Console/Input/ArgvInput), Object(Symfony/Component/Console/Output/ConsoleOutput))
#8 G:/MERN/MediTravel/vendor/symfony/console/Application.php(195): Symfony/Component/Console/Application->doRun(Object(Symfony/Component/Console/Input/ArgvInput), Object(Symfony/Component/Console/Output/ConsoleOutput))
#9 G:/MERN/MediTravel/vendor/laravel/framework/src/Illuminate/Foundation/Console/Kernel.php(198): Symfony/Component/Console/Application->run(Object(Symfony/Component/Console/Input/ArgvInput), Object(Symfony/Component/Console/Output/ConsoleOutput))
#10 G:/MERN/MediTravel/vendor/laravel/framework/src/Illuminate/Foundation/Application.php(1235): Illuminate/Foundation/Console/Kernel->handle(Object(Symfony/Component/Console/Input/ArgvInput), Object(Symfony/Component/Console/Output/ConsoleOutput))
#11 G:/MERN/MediTravel/artisan(12): Illuminate/Foundation/Application->handleCommand(Object(Symfony/Component/Console/Input/ArgvInput))
#12 {main}
"} 
